// Jest Snapshot v1, https://goo.gl/fbAQLP

exports[`should generate table by the table name 1`] = `
"import React from 'react';
import { Card, Heading } from '@8base/boost';

import { PropertiesCreateDialog } from './PropertiesCreateDialog';
import { PropertiesEditDialog } from './PropertiesEditDialog';
import { PropertiesDeleteDialog } from './PropertiesDeleteDialog';
import { PropertiesTable } from './PropertiesTable';

const Properties = () => (
  <Card padding=\\"md\\" stretch>
    <Card.Header>
      <Heading type=\\"h4\\" text=\\" Properties\\" />
    </Card.Header>

    <PropertiesCreateDialog />
    <PropertiesEditDialog />
    <PropertiesDeleteDialog />
    <Card.Body padding=\\"none\\" stretch scrollable>
      <PropertiesTable />
    </Card.Body>
  </Card>
);

export { Properties };
"
`;
