// Jest Snapshot v1, https://goo.gl/fbAQLP

exports[`should generate update form by the table name 1`] = `
"import React from 'react';
import { Redirect, Route, Switch } from 'react-router-dom';

import { ProtectedRoute } from './shared/components';
import { MainPlate, ContentPlate, Nav } from './components';
import { Auth } from './routes/auth';
import { Post } from './routes/post';
import { Author } from './routes/author';

export const Root = () => (
  <Switch>
    <Route path=\\"/auth\\" component={Auth} />
    <ProtectedRoute>
      <MainPlate>
        <Nav.Plate color=\\"BLUE\\">
          <Nav.Item to=\\"/post\\" label=\\"Post\\" />
          <Nav.Item to=\\"/author\\" label=\\"Author\\" />
        </Nav.Plate>
        <ContentPlate>
          <Switch>
            <ProtectedRoute exact path=\\"/post\\" component={Post} />
            <ProtectedRoute exact path=\\"/author\\" component={Author} />
          </Switch>
        </ContentPlate>
      </MainPlate>
    </ProtectedRoute>
  </Switch>
);
"
`;
